// Jest Snapshot v1, https://goo.gl/fbAQLP

exports[`Header renders properly 1`] = `
ShallowWrapper {
  Symbol(enzyme.__root__): [Circular],
  Symbol(enzyme.__unrendered__): <Header
    homeActive={false}
    operationsActive={true}
/>,
  Symbol(enzyme.__renderer__): Object {
    "batchedUpdates": [Function],
    "getNode": [Function],
    "render": [Function],
    "simulateError": [Function],
    "simulateEvent": [Function],
    "unmount": [Function],
  },
  Symbol(enzyme.__node__): Object {
    "instance": null,
    "key": undefined,
    "nodeType": "host",
    "props": Object {
      "children": <div
        className="container-fluid"
>
        <div
                className="container header__container"
        >
                <div
                        className="navbar-header"
                >
                        <img
                                alt=""
                                className="__logo"
                                src="rng-logo-black.png"
                        />
                        <a
                                className="navbar-brand"
                                href="/"
                        >
                                Random Number Generator
                        </a>
                </div>
                <ul
                        className="nav navbar-nav"
                >
                        <li
                                className=""
                        >
                                <a
                                        href="/"
                                        id="homeTab"
                                >
                                        Home
                                </a>
                        </li>
                        <li
                                className="active"
                        >
                                <a
                                        href="/operations"
                                        id="operationsTab"
                                >
                                        Operations
                                </a>
                        </li>
                </ul>
        </div>
</div>,
      "className": "navbar navbar-inverse",
    },
    "ref": null,
    "rendered": Object {
      "instance": null,
      "key": undefined,
      "nodeType": "host",
      "props": Object {
        "children": <div
          className="container header__container"
>
          <div
                    className="navbar-header"
          >
                    <img
                              alt=""
                              className="__logo"
                              src="rng-logo-black.png"
                    />
                    <a
                              className="navbar-brand"
                              href="/"
                    >
                              Random Number Generator
                    </a>
          </div>
          <ul
                    className="nav navbar-nav"
          >
                    <li
                              className=""
                    >
                              <a
                                        href="/"
                                        id="homeTab"
                              >
                                        Home
                              </a>
                    </li>
                    <li
                              className="active"
                    >
                              <a
                                        href="/operations"
                                        id="operationsTab"
                              >
                                        Operations
                              </a>
                    </li>
          </ul>
</div>,
        "className": "container-fluid",
      },
      "ref": null,
      "rendered": Object {
        "instance": null,
        "key": undefined,
        "nodeType": "host",
        "props": Object {
          "children": Array [
            <div
              className="navbar-header"
>
              <img
                            alt=""
                            className="__logo"
                            src="rng-logo-black.png"
              />
              <a
                            className="navbar-brand"
                            href="/"
              >
                            Random Number Generator
              </a>
</div>,
            <ul
              className="nav navbar-nav"
>
              <li
                            className=""
              >
                            <a
                                          href="/"
                                          id="homeTab"
                            >
                                          Home
                            </a>
              </li>
              <li
                            className="active"
              >
                            <a
                                          href="/operations"
                                          id="operationsTab"
                            >
                                          Operations
                            </a>
              </li>
</ul>,
          ],
          "className": "container header__container",
        },
        "ref": null,
        "rendered": Array [
          Object {
            "instance": null,
            "key": undefined,
            "nodeType": "host",
            "props": Object {
              "children": Array [
                <img
                  alt=""
                  className="__logo"
                  src="rng-logo-black.png"
/>,
                <a
                  className="navbar-brand"
                  href="/"
>
                  Random Number Generator
</a>,
              ],
              "className": "navbar-header",
            },
            "ref": null,
            "rendered": Array [
              Object {
                "instance": null,
                "key": undefined,
                "nodeType": "host",
                "props": Object {
                  "alt": "",
                  "className": "__logo",
                  "src": "rng-logo-black.png",
                },
                "ref": null,
                "rendered": null,
                "type": "img",
              },
              Object {
                "instance": null,
                "key": undefined,
                "nodeType": "host",
                "props": Object {
                  "children": "Random Number Generator",
                  "className": "navbar-brand",
                  "href": "/",
                },
                "ref": null,
                "rendered": "Random Number Generator",
                "type": "a",
              },
            ],
            "type": "div",
          },
          Object {
            "instance": null,
            "key": undefined,
            "nodeType": "host",
            "props": Object {
              "children": Array [
                <li
                  className=""
>
                  <a
                                    href="/"
                                    id="homeTab"
                  >
                                    Home
                  </a>
</li>,
                <li
                  className="active"
>
                  <a
                                    href="/operations"
                                    id="operationsTab"
                  >
                                    Operations
                  </a>
</li>,
              ],
              "className": "nav navbar-nav",
            },
            "ref": null,
            "rendered": Array [
              Object {
                "instance": null,
                "key": undefined,
                "nodeType": "host",
                "props": Object {
                  "children": <a
                    href="/"
                    id="homeTab"
>
                    Home
</a>,
                  "className": "",
                },
                "ref": null,
                "rendered": Object {
                  "instance": null,
                  "key": undefined,
                  "nodeType": "host",
                  "props": Object {
                    "children": "Home",
                    "href": "/",
                    "id": "homeTab",
                  },
                  "ref": null,
                  "rendered": "Home",
                  "type": "a",
                },
                "type": "li",
              },
              Object {
                "instance": null,
                "key": undefined,
                "nodeType": "host",
                "props": Object {
                  "children": <a
                    href="/operations"
                    id="operationsTab"
>
                    Operations
</a>,
                  "className": "active",
                },
                "ref": null,
                "rendered": Object {
                  "instance": null,
                  "key": undefined,
                  "nodeType": "host",
                  "props": Object {
                    "children": "Operations",
                    "href": "/operations",
                    "id": "operationsTab",
                  },
                  "ref": null,
                  "rendered": "Operations",
                  "type": "a",
                },
                "type": "li",
              },
            ],
            "type": "ul",
          },
        ],
        "type": "div",
      },
      "type": "div",
    },
    "type": "nav",
  },
  Symbol(enzyme.__nodes__): Array [
    Object {
      "instance": null,
      "key": undefined,
      "nodeType": "host",
      "props": Object {
        "children": <div
          className="container-fluid"
>
          <div
                    className="container header__container"
          >
                    <div
                              className="navbar-header"
                    >
                              <img
                                        alt=""
                                        className="__logo"
                                        src="rng-logo-black.png"
                              />
                              <a
                                        className="navbar-brand"
                                        href="/"
                              >
                                        Random Number Generator
                              </a>
                    </div>
                    <ul
                              className="nav navbar-nav"
                    >
                              <li
                                        className=""
                              >
                                        <a
                                                  href="/"
                                                  id="homeTab"
                                        >
                                                  Home
                                        </a>
                              </li>
                              <li
                                        className="active"
                              >
                                        <a
                                                  href="/operations"
                                                  id="operationsTab"
                                        >
                                                  Operations
                                        </a>
                              </li>
                    </ul>
          </div>
</div>,
        "className": "navbar navbar-inverse",
      },
      "ref": null,
      "rendered": Object {
        "instance": null,
        "key": undefined,
        "nodeType": "host",
        "props": Object {
          "children": <div
            className="container header__container"
>
            <div
                        className="navbar-header"
            >
                        <img
                                    alt=""
                                    className="__logo"
                                    src="rng-logo-black.png"
                        />
                        <a
                                    className="navbar-brand"
                                    href="/"
                        >
                                    Random Number Generator
                        </a>
            </div>
            <ul
                        className="nav navbar-nav"
            >
                        <li
                                    className=""
                        >
                                    <a
                                                href="/"
                                                id="homeTab"
                                    >
                                                Home
                                    </a>
                        </li>
                        <li
                                    className="active"
                        >
                                    <a
                                                href="/operations"
                                                id="operationsTab"
                                    >
                                                Operations
                                    </a>
                        </li>
            </ul>
</div>,
          "className": "container-fluid",
        },
        "ref": null,
        "rendered": Object {
          "instance": null,
          "key": undefined,
          "nodeType": "host",
          "props": Object {
            "children": Array [
              <div
                className="navbar-header"
>
                <img
                                alt=""
                                className="__logo"
                                src="rng-logo-black.png"
                />
                <a
                                className="navbar-brand"
                                href="/"
                >
                                Random Number Generator
                </a>
</div>,
              <ul
                className="nav navbar-nav"
>
                <li
                                className=""
                >
                                <a
                                                href="/"
                                                id="homeTab"
                                >
                                                Home
                                </a>
                </li>
                <li
                                className="active"
                >
                                <a
                                                href="/operations"
                                                id="operationsTab"
                                >
                                                Operations
                                </a>
                </li>
</ul>,
            ],
            "className": "container header__container",
          },
          "ref": null,
          "rendered": Array [
            Object {
              "instance": null,
              "key": undefined,
              "nodeType": "host",
              "props": Object {
                "children": Array [
                  <img
                    alt=""
                    className="__logo"
                    src="rng-logo-black.png"
/>,
                  <a
                    className="navbar-brand"
                    href="/"
>
                    Random Number Generator
</a>,
                ],
                "className": "navbar-header",
              },
              "ref": null,
              "rendered": Array [
                Object {
                  "instance": null,
                  "key": undefined,
                  "nodeType": "host",
                  "props": Object {
                    "alt": "",
                    "className": "__logo",
                    "src": "rng-logo-black.png",
                  },
                  "ref": null,
                  "rendered": null,
                  "type": "img",
                },
                Object {
                  "instance": null,
                  "key": undefined,
                  "nodeType": "host",
                  "props": Object {
                    "children": "Random Number Generator",
                    "className": "navbar-brand",
                    "href": "/",
                  },
                  "ref": null,
                  "rendered": "Random Number Generator",
                  "type": "a",
                },
              ],
              "type": "div",
            },
            Object {
              "instance": null,
              "key": undefined,
              "nodeType": "host",
              "props": Object {
                "children": Array [
                  <li
                    className=""
>
                    <a
                                        href="/"
                                        id="homeTab"
                    >
                                        Home
                    </a>
</li>,
                  <li
                    className="active"
>
                    <a
                                        href="/operations"
                                        id="operationsTab"
                    >
                                        Operations
                    </a>
</li>,
                ],
                "className": "nav navbar-nav",
              },
              "ref": null,
              "rendered": Array [
                Object {
                  "instance": null,
                  "key": undefined,
                  "nodeType": "host",
                  "props": Object {
                    "children": <a
                      href="/"
                      id="homeTab"
>
                      Home
</a>,
                    "className": "",
                  },
                  "ref": null,
                  "rendered": Object {
                    "instance": null,
                    "key": undefined,
                    "nodeType": "host",
                    "props": Object {
                      "children": "Home",
                      "href": "/",
                      "id": "homeTab",
                    },
                    "ref": null,
                    "rendered": "Home",
                    "type": "a",
                  },
                  "type": "li",
                },
                Object {
                  "instance": null,
                  "key": undefined,
                  "nodeType": "host",
                  "props": Object {
                    "children": <a
                      href="/operations"
                      id="operationsTab"
>
                      Operations
</a>,
                    "className": "active",
                  },
                  "ref": null,
                  "rendered": Object {
                    "instance": null,
                    "key": undefined,
                    "nodeType": "host",
                    "props": Object {
                      "children": "Operations",
                      "href": "/operations",
                      "id": "operationsTab",
                    },
                    "ref": null,
                    "rendered": "Operations",
                    "type": "a",
                  },
                  "type": "li",
                },
              ],
              "type": "ul",
            },
          ],
          "type": "div",
        },
        "type": "div",
      },
      "type": "nav",
    },
  ],
  Symbol(enzyme.__options__): Object {
    "adapter": ReactSixteenAdapter {
      "options": Object {
        "enableComponentDidUpdateOnSetState": true,
        "lifecycles": Object {
          "componentDidUpdate": Object {
            "onSetState": true,
          },
          "getDerivedStateFromProps": true,
          "getSnapshotBeforeUpdate": true,
          "setState": Object {
            "skipsComponentDidUpdateOnNullish": true,
          },
        },
      },
    },
    "attachTo": undefined,
    "hydrateIn": undefined,
  },
}
`;
